mainOperatingFunctions.c:4:6:statusLed	8	static
mainOperatingFunctions.c:14:6:setLed	8	static
mainOperatingFunctions.c:48:10:getLed	0	static
mainOperatingFunctions.c:52:6:setAll	40	static
mainOperatingFunctions.c:58:6:pauseLeds	8	static
mainOperatingFunctions.c:66:6:resumeLeds	32	static
mainOperatingFunctions.c:74:6:initLeds	24	static
mainOperatingFunctions.c:80:6:enableSensors	8	static
mainOperatingFunctions.c:85:6:disableSensors	8	static
mainOperatingFunctions.c:93:6:decreaseLed	8	static
mainOperatingFunctions.c:101:6:decreaseAll	40	static
mainOperatingFunctions.c:108:6:enableTimers	8	static
